<?xml version="1.0" encoding="UTF-8" standalone="no"?><Results><Placement><Place>1</Place><AthleteName>Kevin Mayer</AthleteName><Point>0</Point></Placement></Results>